// Jest Snapshot v1, https://goo.gl/fbAQLP

exports[`ReactAriaComponent/Switch Primary smoke-test 1`] = `
<label class="react-aria-Switch"
       data-rac
>
  <span style="border: 0px; clip: rect(0px, 0px, 0px, 0px); clip-path: inset(50%); height: 1px; margin: -1px; overflow: hidden; padding: 0px; position: absolute; width: 1px; white-space: nowrap;">
    <input type="checkbox"
           role="switch"
    >
  </span>
  <div class="indicator">
  </div>
  Switch
</label>
`;
